// Jest Snapshot v1, https://goo.gl/fbAQLP

exports[`1 1`] = `
Object {
  "allPackagesToWatch": Array [
    "gatsby",
    "gatsby-cli",
  ],
  "depTree": Object {},
  "monoRepoPackages": undefined,
  "packages": Array [
    "gatsby-cli",
  ],
  "packagesToInstall": Array [
    "gatsby-cli",
  ],
}
`;
